-bash: ../llvm-14.0.0.src/build/bin/opt: No such file or directory
